2026-01-08 23:09:07,521 - api - INFO - Initializing database...
2026-01-08 23:09:07,572 - api - ERROR - Startup failed: Could not initialize target column for ForeignKey 'user.id' on table 'mltask': table 'user' has no column named 'id'
2026-01-08 23:11:24,676 - api - INFO - Initializing database...
2026-01-08 23:11:24,926 - api - ERROR - Startup failed: Mapper 'Mapper[User(user)]' has no property 'ml_tasks'.  If this property was indicated from other mappers or configure events, ensure registry.configure() has been called.
2026-01-08 23:11:35,197 - api - INFO - Initializing database...
2026-01-08 23:11:35,485 - api - ERROR - Startup failed: Mapper 'Mapper[User(user)]' has no property 'ml_tasks'.  If this property was indicated from other mappers or configure events, ensure registry.configure() has been called.
2026-01-08 23:14:31,634 - api - INFO - Initializing database...
2026-01-08 23:14:32,345 - api - INFO - Application startup completed successfully
2026-01-08 23:14:50,232 - api - INFO - Application shutting down...
2026-01-08 23:15:22,770 - api - INFO - Initializing database...
2026-01-08 23:15:23,442 - api - INFO - Application startup completed successfully
2026-01-08 23:41:39,391 - routes.ml - ERROR - Unexpected error in sending task: (psycopg.errors.ForeignKeyViolation) insert or update on table "mltask" violates foreign key constraint "mltask_user_id_fkey"
DETAIL:  Key (user_id)=(0) is not present in table "user".
[SQL: INSERT INTO mltask (status, result, question, user_id, created_at, updated_at) VALUES (%(status)s, %(result)s::VARCHAR, %(question)s::VARCHAR, %(user_id)s::INTEGER, %(created_at)s::TIMESTAMP WITHOUT TIME ZONE, %(updated_at)s::TIMESTAMP WITHOUT TIME ZONE) RETURNING mltask.id]
[parameters: {'status': 'NEW', 'result': None, 'question': 'hello', 'user_id': 0, 'created_at': datetime.datetime(2026, 1, 8, 23, 41, 39, 388132), 'updated_at': datetime.datetime(2026, 1, 8, 23, 41, 39, 388142)}]
(Background on this error at: https://sqlalche.me/e/20/gkpj)
2026-01-08 23:41:54,145 - routes.ml - INFO - Massage has created: status=<TaskStatus.NEW: 'new'> id=2 created_at=datetime.datetime(2026, 1, 8, 23, 41, 54, 114065) result=None question='hello' user_id=1 updated_at=datetime.datetime(2026, 1, 8, 23, 41, 54, 114079)
2026-01-08 23:41:54,145 - routes.ml - INFO - Sending task to RabbitMQ: hello
2026-01-08 23:44:18,508 - routes.ml - INFO - !!!!!!!!Task result has been set: hello
2026-01-09 00:05:02,793 - api - INFO - Application shutting down...
2026-01-09 22:17:16,270 - api - INFO - Initializing database...
2026-01-09 22:17:17,008 - api - INFO - Application startup completed successfully
2026-01-09 22:20:13,064 - api - INFO - Application shutting down...
2026-01-09 22:24:49,910 - api - INFO - Initializing database...
2026-01-09 22:24:50,679 - api - INFO - Application startup completed successfully
2026-01-09 22:26:54,585 - api - INFO - Application shutting down...
2026-01-09 22:26:55,761 - api - INFO - Initializing database...
2026-01-09 22:26:56,498 - api - INFO - Application startup completed successfully
2026-01-09 22:30:55,019 - api - INFO - Initializing database...
2026-01-09 22:30:55,749 - api - INFO - Application startup completed successfully
2026-01-09 22:38:22,469 - api - INFO - Application shutting down...
2026-01-09 22:38:23,719 - api - INFO - Initializing database...
2026-01-09 22:38:24,434 - api - INFO - Application startup completed successfully
2026-01-09 22:38:49,862 - api - INFO - Application shutting down...
2026-01-09 22:40:20,615 - api - INFO - Initializing database...
2026-01-09 22:40:21,335 - api - INFO - Application startup completed successfully
2026-01-09 23:53:27,980 - api - INFO - Initializing database...
2026-01-09 23:53:28,672 - api - INFO - Application startup completed successfully
2026-01-09 23:55:22,021 - api - INFO - Application shutting down...
2026-01-09 23:55:57,252 - api - INFO - Initializing database...
2026-01-09 23:55:57,948 - api - INFO - Application startup completed successfully
2026-01-09 23:58:46,993 - api - INFO - Application shutting down...
2026-01-09 23:58:48,168 - api - INFO - Initializing database...
2026-01-09 23:58:48,843 - api - INFO - Application startup completed successfully
2026-01-09 23:59:33,688 - api - INFO - Application shutting down...
2026-01-09 23:59:34,874 - api - INFO - Initializing database...
2026-01-09 23:59:35,563 - api - INFO - Application startup completed successfully
2026-01-09 23:59:54,138 - api - INFO - Application shutting down...
2026-01-09 23:59:55,263 - api - INFO - Initializing database...
2026-01-09 23:59:56,434 - api - INFO - Application startup completed successfully
2026-01-10 00:02:07,876 - api - INFO - Application shutting down...
2026-01-10 00:02:09,104 - api - INFO - Initializing database...
2026-01-10 00:02:09,805 - api - INFO - Application startup completed successfully
2026-01-10 00:10:48,906 - api - INFO - Application shutting down...
2026-01-10 00:10:50,089 - api - INFO - Initializing database...
2026-01-10 00:10:50,821 - api - INFO - Application startup completed successfully
2026-01-10 00:11:48,056 - api - INFO - Application shutting down...
2026-01-10 00:12:20,231 - api - INFO - Initializing database...
2026-01-10 00:12:20,961 - api - INFO - Application startup completed successfully
2026-01-10 00:38:23,700 - api - INFO - Application shutting down...
2026-01-10 00:38:24,888 - api - INFO - Initializing database...
2026-01-10 00:38:25,655 - api - INFO - Application startup completed successfully
2026-01-10 00:39:01,877 - api - INFO - Application shutting down...
2026-01-10 00:39:03,112 - api - INFO - Initializing database...
2026-01-10 00:39:03,888 - api - INFO - Application startup completed successfully
2026-01-10 00:39:38,546 - api - INFO - Application shutting down...
2026-01-10 00:39:39,744 - api - INFO - Initializing database...
2026-01-10 00:39:40,632 - api - INFO - Application startup completed successfully
2026-01-10 00:39:52,267 - api - INFO - Application shutting down...
2026-01-10 00:39:53,582 - api - INFO - Initializing database...
2026-01-10 00:39:54,345 - api - INFO - Application startup completed successfully
2026-01-10 00:40:15,188 - api - INFO - Application shutting down...
2026-01-10 00:40:16,422 - api - INFO - Initializing database...
2026-01-10 00:40:17,213 - api - INFO - Application startup completed successfully
2026-01-10 00:40:58,750 - api - INFO - Application shutting down...
2026-01-10 00:58:08,415 - api - INFO - Initializing database...
2026-01-10 00:58:09,171 - api - INFO - Application startup completed successfully
2026-01-10 01:06:29,838 - api - INFO - Application shutting down...
2026-01-10 21:40:38,473 - api - INFO - Initializing database...
2026-01-10 21:40:39,361 - api - INFO - Application startup completed successfully
2026-01-10 23:20:16,981 - routes.ml - INFO - Massage has created: question='Hello there!' result=None user_id=1 updated_at=datetime.datetime(2026, 1, 10, 23, 20, 16, 957549) id=1 status=<TaskStatus.NEW: 'new'> created_at=datetime.datetime(2026, 1, 10, 23, 20, 16, 957536)
2026-01-10 23:20:16,982 - routes.ml - INFO - Sending task to RabbitMQ: Hello there!
2026-01-10 23:20:37,856 - routes.ml - INFO - !!!!!!!!Task result has been set: 1
2026-01-10 23:22:57,130 - routes.ml - INFO - Sending RPC request with message: Hello? 
2026-01-10 23:22:58,189 - routes.ml - INFO - Received RPC response: Модель не найдена! Читайте README файл!
2026-01-10 23:27:04,610 - routes.ml - INFO - Sending RPC request with message: Hello? 
2026-01-10 23:27:05,662 - routes.ml - INFO - Received RPC response: Модель не найдена! Читайте README файл!
2026-01-10 23:28:13,917 - api - INFO - Application shutting down...
2026-01-10 23:28:49,433 - api - INFO - Initializing database...
2026-01-10 23:28:50,334 - api - INFO - Application startup completed successfully
2026-01-10 23:29:03,503 - routes.ml - INFO - Sending RPC request with message: Hello?
2026-01-10 23:29:05,429 - routes.ml - INFO - Received RPC response: Hello there! How can I help you today? 😊
2026-01-10 23:30:20,036 - routes.ml - INFO - Sending RPC request with message: Ты — эксперт по анализу финансовых продуктов, специализирующийся на ипотечном кредитовании на российском рынке.  **Цель анализа:** Выявление системных проблем, точек роста и лучших практик для улучшения ипотечного продукта и клиентского опыта.  **Задачи анализа:**  1. **Саммаризация:**    - Кратко (3-5 предложений) передай суть отзыва, сохраняя ключевые детали: условия кредита, опыт взаимодействия с банком, положительные и отрицательные моменты.  2. **Эмоциональная оценка:**    - Определи общую тональность: позитивный/нейтральный/негативный/смешанный    - Оцени интенсивность: слабая/средняя/сильная    - Выяви доминирующую эмоцию, если она явно выражена  3. **Тематический анализ:**    - Выдели **ключевую тему** отзыва (1–3 слова или короткая фраза)    - Выдели **второстепенную тему** (если присутствует)    - Оцени значимость каждой темы: высокая/средняя/низкая  4. **Экспертный анализ:**    - Оцени объективность отзыва по шкале 1-5 (1=эмоциональный без фактов, 5=фактологический)    - Выдели сильные и слабые стороны банка на основе отзыва    - Укажи, какие стандартные аспекты ипотеки могли быть упущены клиентом  5. **Этап обслуживания:**    - Определи, к какому этапу относится отзыв: консультация, оформление, одобрение, сделка, постпродажное обслуживание    - Если отзыв охватывает несколько этапов, укажи все релевантные  6. **Теги (5-7 штук, с категориями):**    - Процесс: [теги, связанные с процессами]    - Сервис: [теги, связанные с обслуживанием]    - Продукт: [теги, связанные с условиями продукта]  7. **Сущности:**    - Если в отзыве упоминаются конкретные отделения банка или сотрудники, выдели их  **Формат ответа для ОДНОГО отзыва:** {   "summary": "строка",   "sentiment": {     "overall": "позитивный/нейтральный/негативный/смешанный",     "intensity": "слабая/средняя/сильная",     "key_emotion": "разочарование/удовлетворение/гнев/радость/null"   },   "themes": {     "primary": {"theme": "текст", "significance": "высокая/средняя/низкая"},     "secondary": {"theme": "текст или null", "significance": "высокая/средняя/низкая"}   },   "analysis": {     "objectivity": {"score": 1-5, "reason": "обоснование"},     "strengths": ["список"],     "weaknesses": ["список"],     "omissions": ["список"]   },   "service_stage": ["список"],   "tags": {     "process": ["список"],     "service": ["список"],     "product": ["список"]   },   "entities": {     "branch": "название или null",     "employees": ["список или []"]   } }  **Если отзывов несколько:** Проанализируй каждый отдельно в указанном формате, затем предоставь сводную таблицу частотности тем и тональности.  **Отзыв для анализа:** [Мне нужно было произвести оплату двух ипотек, которые перешли из Росбанка в Т-банк, но случиться форс мажор, и дебетовую карту в т-банке, на которую я обычно вносила денежные средства, заблокировали. Я позвонила на горячую линию, мне сказали, что можно оплатить по реквизитам со света в другом банке и скинули реквизиты в чат. Я оплатила по этим реквизитам, указав в назначении все так, как было прописано в сообщении от банка. Сегодня звоню на горячую линию уточнить, произошло ли списание - меня переводят на отдел по работе с дебиторской задолженностью.  Выяснилось, что деньги почему то ушли не на тот договор, хотя в назначении я прописала четко то, что прислали сотрудники в чат. Мне начали угрожать и так и не помогли разобраться, почему деньги зачисли не по тем договорам, которые были указаны в назначении. Соединить с сотрудниками операционного отдела они отказались. Просьба позвонить мне сотруднику т-банка, который компетентен решать операционные вопросы, а не только угрожать. Крайне не рекомендую связываться с данным банком.]
2026-01-10 23:30:28,290 - routes.ml - INFO - Received RPC response: ```json
{
  "summary": "Клиент крайне разочарован опытом взаимодействия с банком, особенно в связи с задержкой
2026-01-10 23:33:45,317 - api - INFO - Application shutting down...
2026-01-11 22:03:31,193 - api - INFO - Initializing database...
2026-01-11 22:03:31,975 - api - INFO - Application startup completed successfully
2026-01-11 22:20:18,167 - routes.ml - INFO - Massage has created: question='тест' result=None user_id=1 updated_at=datetime.datetime(2026, 1, 11, 22, 20, 18, 150342) status=<TaskStatus.NEW: 'new'> id=6 created_at=datetime.datetime(2026, 1, 11, 22, 20, 18, 150331)
2026-01-11 22:20:18,170 - routes.ml - INFO - Sending task to RabbitMQ: тест
2026-01-11 22:20:37,598 - routes.ml - INFO - Sending RPC request with message: тест
2026-01-11 22:20:40,759 - routes.ml - INFO - Received RPC response: Да, я могу провести тест. Что бы вы хотели, чтобы я спросил? 

Могу задать:

*   **Во
2026-01-11 22:21:04,281 - api - INFO - Application shutting down...
2026-01-11 22:21:37,888 - api - INFO - Initializing database...
2026-01-11 22:21:38,595 - api - INFO - Application startup completed successfully
2026-01-11 22:22:08,394 - routes.ml - INFO - Sending RPC request with message: тест
2026-01-11 22:22:08,396 - routes.ml - INFO - Received RPC response: Неожиданная ошибка при обработке
2026-01-11 22:23:11,780 - routes.ml - INFO - Sending RPC request with message: скажи привет по английски
2026-01-11 22:23:11,783 - routes.ml - INFO - Received RPC response: Неожиданная ошибка при обработке
2026-01-11 22:23:53,249 - routes.ml - INFO - Sending RPC request with message: скажи привет по английски
2026-01-11 22:23:53,251 - routes.ml - INFO - Received RPC response: Неожиданная ошибка при обработке
2026-01-11 22:23:54,689 - routes.ml - INFO - Sending RPC request with message: скажи привет по английски
2026-01-11 22:23:54,691 - routes.ml - INFO - Received RPC response: Неожиданная ошибка при обработке
2026-01-11 22:26:00,913 - api - INFO - Application shutting down...
2026-01-11 22:40:53,877 - api - INFO - Initializing database...
2026-01-11 22:40:54,601 - api - INFO - Application startup completed successfully
2026-01-11 23:05:58,191 - api - INFO - Initializing database...
2026-01-11 23:05:58,895 - api - INFO - Application startup completed successfully
2026-01-11 23:34:09,813 - api - INFO - Initializing database...
2026-01-11 23:34:10,506 - api - INFO - Application startup completed successfully
2026-01-11 23:42:10,414 - api - INFO - Application shutting down...
2026-01-11 23:42:59,860 - api - INFO - Initializing database...
2026-01-11 23:43:00,575 - api - INFO - Application startup completed successfully
2026-01-11 23:52:43,033 - api - INFO - Application shutting down...
2026-01-11 23:53:32,417 - api - INFO - Initializing database...
2026-01-11 23:53:33,143 - api - INFO - Application startup completed successfully
2026-01-12 00:06:37,689 - api - INFO - Application shutting down...
2026-01-12 00:07:10,006 - api - INFO - Initializing database...
2026-01-12 00:07:10,729 - api - INFO - Application startup completed successfully
2026-01-12 00:13:12,467 - api - INFO - Application shutting down...
